// Jest Snapshot v1, https://goo.gl/fbAQLP

exports[`Render App 1`] = `
<div
  className="ui container"
  style={
    Object {
      "marginTop": "3rem",
    }
  }
>
  <h1
    className="ui header"
  >
    Option three: Queen Atack
  </h1>
  <p>
    Given the position of two queens on a chess board, indicate whether or not they are positioned so that they can attack each other.
  </p>
  <p>
    In the game of chess, a queen can attack pieces which are on the same row, column, or diagonal. A chessboard can be represented by an 8 by 8 array.
  </p>
  <p>
    So if you're told the white queen is at c5 (zero-indexed at column 2, row 3) and the black queen at f2 (zero-indexed at column 5, row 6), then you'd know you've got a set-up like so:
  </p>
  <p>
    In this case, that answer would be yes, they can, because both pieces share a diagonal.
  </p>
  <p>
    A queen must be placed on a valid position on the board. Two queens cannot share the same position.
  </p>
  <div
    className="ui divider"
    style={
      Object {
        "marginBottom": "3rem",
      }
    }
  />
  <div
    className="ui grid container"
  >
    <div
      className="sixteen wide column"
    >
      <div
        className="wrapper"
      >
        <div
          className="top"
        >
          <div
            className="wrapper-inner"
          >
            <div
              className="box-inner"
            >
              A
            </div>
            <div
              className="box-inner"
            >
              B
            </div>
            <div
              className="box-inner"
            >
              C
            </div>
            <div
              className="box-inner"
            >
              D
            </div>
            <div
              className="box-inner"
            >
              E
            </div>
            <div
              className="box-inner"
            >
              F
            </div>
            <div
              className="box-inner"
            >
              G
            </div>
            <div
              className="box-inner"
            >
              H
            </div>
          </div>
        </div>
        <div
          className="box"
          id="field11"
          onClick={[Function]}
        />
        <div
          className="box"
          id="field21"
          onClick={[Function]}
        />
        <div
          className="box"
          id="field31"
          onClick={[Function]}
        />
        <div
          className="box"
          id="field41"
          onClick={[Function]}
        />
        <div
          className="box"
          id="field51"
          onClick={[Function]}
        />
        <div
          className="box"
          id="field61"
          onClick={[Function]}
        />
        <div
          className="box"
          id="field71"
          onClick={[Function]}
        />
        <div
          className="box"
          id="field81"
          onClick={[Function]}
        />
        <div
          className="box"
          id="field12"
          onClick={[Function]}
        />
        <div
          className="box"
          id="field22"
          onClick={[Function]}
        />
        <div
          className="box"
          id="field32"
          onClick={[Function]}
        />
        <div
          className="box"
          id="field42"
          onClick={[Function]}
        />
        <div
          className="box"
          id="field52"
          onClick={[Function]}
        />
        <div
          className="box"
          id="field62"
          onClick={[Function]}
        />
        <div
          className="box"
          id="field72"
          onClick={[Function]}
        />
        <div
          className="box"
          id="field82"
          onClick={[Function]}
        />
        <div
          className="box"
          id="field13"
          onClick={[Function]}
        />
        <div
          className="box"
          id="field23"
          onClick={[Function]}
        />
        <div
          className="box"
          id="field33"
          onClick={[Function]}
        />
        <div
          className="box"
          id="field43"
          onClick={[Function]}
        />
        <div
          className="box"
          id="field53"
          onClick={[Function]}
        />
        <div
          className="box"
          id="field63"
          onClick={[Function]}
        />
        <div
          className="box"
          id="field73"
          onClick={[Function]}
        />
        <div
          className="box"
          id="field83"
          onClick={[Function]}
        />
        <div
          className="box"
          id="field14"
          onClick={[Function]}
        />
        <div
          className="box"
          id="field24"
          onClick={[Function]}
        />
        <div
          className="box"
          id="field34"
          onClick={[Function]}
        />
        <div
          className="box"
          id="field44"
          onClick={[Function]}
        />
        <div
          className="box"
          id="field54"
          onClick={[Function]}
        />
        <div
          className="box"
          id="field64"
          onClick={[Function]}
        />
        <div
          className="box"
          id="field74"
          onClick={[Function]}
        />
        <div
          className="box"
          id="field84"
          onClick={[Function]}
        />
        <div
          className="box"
          id="field15"
          onClick={[Function]}
        />
        <div
          className="box"
          id="field25"
          onClick={[Function]}
        />
        <div
          className="box"
          id="field35"
          onClick={[Function]}
        />
        <div
          className="box"
          id="field45"
          onClick={[Function]}
        />
        <div
          className="box"
          id="field55"
          onClick={[Function]}
        />
        <div
          className="box"
          id="field65"
          onClick={[Function]}
        />
        <div
          className="box"
          id="field75"
          onClick={[Function]}
        />
        <div
          className="box"
          id="field85"
          onClick={[Function]}
        />
        <div
          className="box"
          id="field16"
          onClick={[Function]}
        />
        <div
          className="box"
          id="field26"
          onClick={[Function]}
        />
        <div
          className="box"
          id="field36"
          onClick={[Function]}
        />
        <div
          className="box"
          id="field46"
          onClick={[Function]}
        />
        <div
          className="box"
          id="field56"
          onClick={[Function]}
        />
        <div
          className="box"
          id="field66"
          onClick={[Function]}
        />
        <div
          className="box"
          id="field76"
          onClick={[Function]}
        />
        <div
          className="box"
          id="field86"
          onClick={[Function]}
        />
        <div
          className="box"
          id="field17"
          onClick={[Function]}
        />
        <div
          className="box"
          id="field27"
          onClick={[Function]}
        />
        <div
          className="box"
          id="field37"
          onClick={[Function]}
        />
        <div
          className="box"
          id="field47"
          onClick={[Function]}
        />
        <div
          className="box"
          id="field57"
          onClick={[Function]}
        />
        <div
          className="box"
          id="field67"
          onClick={[Function]}
        />
        <div
          className="box"
          id="field77"
          onClick={[Function]}
        />
        <div
          className="box"
          id="field87"
          onClick={[Function]}
        />
        <div
          className="box"
          id="field18"
          onClick={[Function]}
        />
        <div
          className="box"
          id="field28"
          onClick={[Function]}
        />
        <div
          className="box"
          id="field38"
          onClick={[Function]}
        />
        <div
          className="box"
          id="field48"
          onClick={[Function]}
        />
        <div
          className="box"
          id="field58"
          onClick={[Function]}
        />
        <div
          className="box"
          id="field68"
          onClick={[Function]}
        />
        <div
          className="box"
          id="field78"
          onClick={[Function]}
        />
        <div
          className="box"
          id="field88"
          onClick={[Function]}
        />
        <div
          className="bottom"
        >
          <div
            className="wrapper-inner"
          >
            <div
              className="box-inner"
            >
              A
            </div>
            <div
              className="box-inner"
            >
              B
            </div>
            <div
              className="box-inner"
            >
              C
            </div>
            <div
              className="box-inner"
            >
              D
            </div>
            <div
              className="box-inner"
            >
              E
            </div>
            <div
              className="box-inner"
            >
              F
            </div>
            <div
              className="box-inner"
            >
              G
            </div>
            <div
              className="box-inner"
            >
              H
            </div>
          </div>
        </div>
      </div>
    </div>
    <div
      className="sixteen wide column"
      style={
        Object {
          "textAlign": "center",
        }
      }
    >
      <h3>
        <i
          className="thumbs down outline icon red"
        />
        Can't attack
      </h3>
    </div>
  </div>
</div>
`;
